******************************************************************************
                  TI ARM Linker PC v20.2.4                     
******************************************************************************
>> Linked Thu Mar 24 22:31:33 2022

OUTPUT FILE NAME:   <Lab7.out>
ENTRY POINT SYMBOL: "_c_int00_noargs"  address: 00004e5d


MEMORY CONFIGURATION

         name            origin    length      used     unused   attr    fill
----------------------  --------  ---------  --------  --------  ----  --------
  FLASH                 00000000   00040000  00005260  0003ada0  R  X
  SRAM                  20000000   00008000  00002366  00005c9a  RW X


SEGMENT ALLOCATION MAP

run origin  load origin   length   init length attrs members
----------  ----------- ---------- ----------- ----- -------
00000000    00000000    00005260   00005260    r-x
  00000000    00000000    0000026c   0000026c    r-- .intvecs
  0000026c    0000026c    00004e54   00004e54    r-x .text
  000050c0    000050c0    00000150   00000150    r-- .const
  00005210    00005210    00000050   00000050    r-- .cinit
20000000    20000000    0000236d   00000000    rw-
  20000000    20000000    0000026c   00000000    rw- .vtable
  20000270    20000270    00001000   00000000    rw- .stack
  20001270    20001270    00001000   00000000    rw- .sysmem
  20002270    20002270    000000bd   00000000    rw- .bss
  20002330    20002330    0000003d   00000000    rw- .data


SECTION ALLOCATION MAP

 output                                  attributes/
section   page    origin      length       input sections
--------  ----  ----------  ----------   ----------------
.intvecs   0    00000000    0000026c     
                  00000000    0000026c     tm4c123gh6pm_startup_ccs.obj (.intvecs)

.text      0    0000026c    00004e54     
                  0000026c    00000c20     open_interface.obj (.text)
                  00000e8c    00000b70     main.obj (.text)
                  000019fc    00000a4e     rtsv7M4_T_le_v4SPD16_eabi.lib : _printfi.c.obj (.text:__TI_printfi)
                  0000244a    00000002                                   : _lock.c.obj (.text:_nop)
                  0000244c    0000035c     movement.obj (.text)
                  000027a8    00000328     lcd.obj (.text)
                  00002ad0    000002a8     libcybotUART.lib : uart.obj (.text)
                  00002d78    00000270     rtsv7M4_T_le_v4SPD16_eabi.lib : _printfi.c.obj (.text:_pconv_a)
                  00002fe8    00000260     libcybotScan.lib : cyBot_Scan.obj (.text)
                  00003248    00000248     Timer.obj (.text)
                  00003490    000001ec     libcybotScan.lib : ping.obj (.text)
                  0000367c    000001d0     rtsv7M4_T_le_v4SPD16_eabi.lib : _printfi.c.obj (.text:_pconv_g)
                  0000384c    000001b6                                   : fd_add_t2.asm.obj (.text)
                  00003a02    00000002                                   : div0.asm.obj (.text)
                  00003a04    000001a4     uart.obj (.text)
                  00003ba8    00000158     libcybotScan.lib : servo.obj (.text)
                  00003d00    0000013c     rtsv7M4_T_le_v4SPD16_eabi.lib : _printfi.c.obj (.text:_pconv_e)
                  00003e3c    00000136                                   : fd_div_t2.asm.obj (.text)
                  00003f72    00000002     --HOLE-- [fill = 0]
                  00003f74    00000124                                   : _printfi.c.obj (.text:fcvt)
                  00004098    00000118     libcybotScan.lib : ir.obj (.text)
                  000041b0    00000110     rtsv7M4_T_le_v4SPD16_eabi.lib : s_scalbn.c.obj (.text:scalbn)
                  000042c0    00000100                                   : memory.c.obj (.text:aligned_alloc)
                  000043c0    000000fc                                   : fd_mul_t2.asm.obj (.text)
                  000044bc    000000e4                                   : memory.c.obj (.text:free)
                  000045a0    000000b1                                   : _printfi.c.obj (.text:_ltostr)
                  00004651    00000001     --HOLE-- [fill = 0]
                  00004652    0000009c                                   : memcpy_t2.asm.obj (.text)
                  000046ee    00000096                                   : ull_div_t2.asm.obj (.text)
                  00004784    00000086                                   : fd_cmp_t2.asm.obj (.text:__aeabi_cdcmple)
                  0000480a    00000086                                   : fd_cmp_t2.asm.obj (.text:__aeabi_cdrcmple)
                  00004890    0000007a                                   : memset_t2.asm.obj (.text)
                  0000490a    00000002     --HOLE-- [fill = 0]
                  0000490c    00000070                                   : memory.c.obj (.text:split)
                  0000497c    0000006e                                   : _printfi.c.obj (.text:_mcpy)
                  000049ea    0000006e                                   : fd_tos_t2.asm.obj (.text)
                  00004a58    00000068                                   : copy_decompress_lzss.c.obj (.text:decompress:lzss:__TI_decompress_lzss)
                  00004ac0    00000064                                   : s_frexp.c.obj (.text:frexp)
                  00004b24    00000056                                   : _printfi.c.obj (.text:_pconv_f)
                  00004b7a    00000054                                   : _ltoa.c.obj (.text:__TI_ltoa)
                  00004bce    00000052                                   : _printfi.c.obj (.text:_ecpy)
                  00004c20    0000004c                                   : atoi.c.obj (.text:atoi)
                  00004c6c    00000048                                   : fd_toi_t2.asm.obj (.text)
                  00004cb4    00000044                                   : autoinit.c.obj (.text:__TI_auto_init_nobinit_nopinit:__TI_auto_init_nobinit_nopinit)
                  00004cf8    00000040                                   : sprintf.c.obj (.text:sprintf)
                  00004d38    00000040                                   : vsnprintf.c.obj (.text:vsnprintf)
                  00004d78    0000003e                                   : _printfi.c.obj (.text:_fcpy)
                  00004db6    00000002     --HOLE-- [fill = 0]
                  00004db8    00000038                                   : memory.c.obj (.text:calloc)
                  00004df0    00000038                                   : fs_tod_t2.asm.obj (.text)
                  00004e28    00000034     driverlib.lib : interrupt.obj (.text:IntRegister)
                  00004e5c    00000034     rtsv7M4_T_le_v4SPD16_eabi.lib : boot_cortex_m.c.obj (.text:_c_int00_noargs:_c_int00_noargs)
                  00004e90    00000030                                   : vsnprintf.c.obj (.text:_outs)
                  00004ec0    0000002e                                   : i_tofd_t2.asm.obj (.text)
                  00004eee    00000002     --HOLE-- [fill = 0]
                  00004ef0    00000028                                   : memory.c.obj (.text:free_list_insert)
                  00004f18    00000020                                   : u_tofd_t2.asm.obj (.text)
                  00004f38    0000001c                                   : copy_zero_init.c.obj (.text:decompress:ZI:__TI_zero_init_nomemset:__TI_zero_init_nomemset)
                  00004f54    0000001c                                   : memory.c.obj (.text:free_list_remove)
                  00004f70    0000001c                                   : memccpy.c.obj (.text:memccpy)
                  00004f8c    0000001a                                   : s_copysign.c.obj (.text:copysign)
                  00004fa6    00000018                                   : vsnprintf.c.obj (.text:_outc)
                  00004fbe    00000018                                   : sprintf.c.obj (.text:_outs)
                  00004fd6    00000018     open_interface.obj (.text:oi_parseInt)
                  00004fee    00000018     rtsv7M4_T_le_v4SPD16_eabi.lib : strcmp.c.obj (.text:strcmp)
                  00005006    00000016                                   : strchr.c.obj (.text:strchr)
                  0000501c    00000014                                   : strcpy.c.obj (.text:strcpy)
                  00005030    00000014                                   : strlen.c.obj (.text:strlen)
                  00005044    00000012                                   : wcslen.c.obj (.text:wcslen)
                  00005056    00000010     driverlib.lib : interrupt.obj (.text:IntMasterEnable)
                  00005066    00000010     lcd.obj (.text:lcd_clear)
                  00005076    0000000e     rtsv7M4_T_le_v4SPD16_eabi.lib : copy_decompress_none.c.obj (.text:decompress:none:__TI_decompress_none)
                  00005084    0000000c     driverlib.lib : cpu.obj (.text:CPUcpsie)
                  00005090    0000000c     tm4c123gh6pm_startup_ccs.obj (.text)
                  0000509c    0000000a     rtsv7M4_T_le_v4SPD16_eabi.lib : sprintf.c.obj (.text:_outc)
                  000050a6    00000002     --HOLE-- [fill = 0]
                  000050a8    00000008                                   : errno.c.obj (.text:__aeabi_errno_addr)
                  000050b0    00000008                                   : memory.c.obj (.text:malloc)
                  000050b8    00000004                                   : pre_init.c.obj (.text:_system_pre_init)
                  000050bc    00000004                                   : exit.c.obj (.text:abort:abort)

.const     0    000050c0    00000150     
                  000050c0    00000101     rtsv7M4_T_le_v4SPD16_eabi.lib : ctype.c.obj (.const:.string:_ctypes_)
                  000051c1    00000021     main.obj (.const:.string:$P$T1$2)
                  000051e2    00000017     main.obj (.const:.string:$P$T0$1)
                  000051f9    0000000f     open_interface.obj (.const:.string:$P$T0$3)
                  00005208    00000004     lcd.obj (.const:.string:lineAddress$1)
                  0000520c    00000004     lcd.obj (.const:.string:lineAddresses$2)

.cinit     0    00005210    00000050     
                  00005210    00000019     (.cinit..data.load) [load image, compression = lzss]
                  00005229    00000003     --HOLE-- [fill = 0]
                  0000522c    0000000c     (__TI_handler_table)
                  00005238    00000008     (.cinit..bss.load) [load image, compression = zero_init]
                  00005240    00000008     (.cinit..vtable.load) [load image, compression = zero_init]
                  00005248    00000018     (__TI_cinit_table)

.init_array 
*          0    00000000    00000000     UNINITIALIZED

.vtable    0    20000000    0000026c     UNINITIALIZED
                  20000000    0000026c     driverlib.lib : interrupt.obj (.vtable)

.stack     0    20000270    00001000     UNINITIALIZED
                  20000270    00000004     rtsv7M4_T_le_v4SPD16_eabi.lib : boot_cortex_m.c.obj (.stack)
                  20000274    00000ffc     --HOLE--

.sysmem    0    20001270    00001000     UNINITIALIZED
                  20001270    00000010     rtsv7M4_T_le_v4SPD16_eabi.lib : memory.c.obj (.sysmem)
                  20001280    00000ff0     --HOLE--

.bss       0    20002270    000000bd     UNINITIALIZED
                  20002270    00000054     lcd.obj (.bss:lastbuffer$3)
                  200022c4    00000034     (.common:isr_char_buffer)
                  200022f8    00000018     open_interface.obj (.bss:firmware$2)
                  20002310    00000004     (.common:_timeout_ticks)
                  20002314    00000004     (.common:fallingEdge)
                  20002318    00000004     (.common:isr_int_value)
                  2000231c    00000004     (.common:left_calibration_value)
                  20002320    00000004     (.common:pulseLength)
                  20002324    00000004     (.common:right_calibration_value)
                  20002328    00000004     (.common:risingEdge)
                  2000232c    00000001     (.common:isRisingEdge)

.data      0    20002330    0000003d     UNINITIALIZED
                  20002330    00000020     open_interface.obj (.data)
                  20002350    00000008     rtsv7M4_T_le_v4SPD16_eabi.lib : _lock.c.obj (.data:$O1$$)
                  20002358    00000008                                   : memory.c.obj (.data:$O1$$)
                  20002360    00000004     libcybotScan.lib : cyBot_Scan.obj (.data)
                  20002364    00000004     libcybotUART.lib : uart.obj (.data)
                  20002368    00000004     rtsv7M4_T_le_v4SPD16_eabi.lib : errno.c.obj (.data)
                  2000236c    00000001     Timer.obj (.data)

__llvm_prf_cnts 
*          0    20000000    00000000     UNINITIALIZED

MODULE SUMMARY

       Module                         code    ro data   rw data
       ------                         ----    -------   -------
    .\
       tm4c123gh6pm_startup_ccs.obj   12      620       0      
    +--+------------------------------+-------+---------+---------+
       Total:                         12      620       0      
                                                               
    .\Lab7 Code Files\
       open_interface.obj             3128    15        56     
       main.obj                       2928    56        8      
       lcd.obj                        824     8         84     
       movement.obj                   860     0         0      
       Timer.obj                      584     0         5      
       uart.obj                       420     0         0      
    +--+------------------------------+-------+---------+---------+
       Total:                         8744    79        153    
                                                               
    ../Lab7 Code Files/libcybotScan.lib
       cyBot_Scan.obj                 608     0         4      
       ping.obj                       492     0         13     
       servo.obj                      344     0         0      
       ir.obj                         280     0         4      
    +--+------------------------------+-------+---------+---------+
       Total:                         1724    0         21     
                                                               
    ../Lab7 Code Files/libcybotUART.lib
       uart.obj                       680     0         56     
    +--+------------------------------+-------+---------+---------+
       Total:                         680     0         56     
                                                               
    C:/ti/TivaWare_C_Series-2.1.4.178/driverlib/ccs/Debug/driverlib.lib
       interrupt.obj                  68      0         620    
       cpu.obj                        12      0         0      
    +--+------------------------------+-------+---------+---------+
       Total:                         80      0         620    
                                                               
    C:\ti\ccs1031\ccs\tools\compiler\ti-cgt-arm_20.2.4.LTS\lib\rtsv7M4_T_le_v4SPD16_eabi.lib
       _printfi.c.obj                 4851    0         0      
       memory.c.obj                   728     0         8      
       fd_add_t2.asm.obj              438     0         0      
       fd_div_t2.asm.obj              310     0         0      
       s_scalbn.c.obj                 272     0         0      
       fd_cmp_t2.asm.obj              268     0         0      
       ctype.c.obj                    0       257       0      
       fd_mul_t2.asm.obj              252     0         0      
       memcpy_t2.asm.obj              156     0         0      
       ull_div_t2.asm.obj             150     0         0      
       vsnprintf.c.obj                136     0         0      
       memset_t2.asm.obj              122     0         0      
       fd_tos_t2.asm.obj              110     0         0      
       copy_decompress_lzss.c.obj     104     0         0      
       s_frexp.c.obj                  100     0         0      
       sprintf.c.obj                  98      0         0      
       _ltoa.c.obj                    84      0         0      
       atoi.c.obj                     76      0         0      
       fd_toi_t2.asm.obj              72      0         0      
       autoinit.c.obj                 68      0         0      
       fs_tod_t2.asm.obj              56      0         0      
       boot_cortex_m.c.obj            52      0         0      
       i_tofd_t2.asm.obj              46      0         0      
       u_tofd_t2.asm.obj              32      0         0      
       copy_zero_init.c.obj           28      0         0      
       memccpy.c.obj                  28      0         0      
       s_copysign.c.obj               26      0         0      
       strcmp.c.obj                   24      0         0      
       strchr.c.obj                   22      0         0      
       strcpy.c.obj                   20      0         0      
       strlen.c.obj                   20      0         0      
       wcslen.c.obj                   18      0         0      
       copy_decompress_none.c.obj     14      0         0      
       errno.c.obj                    8       0         4      
       _lock.c.obj                    2       0         8      
       exit.c.obj                     4       0         0      
       pre_init.c.obj                 4       0         0      
       div0.asm.obj                   2       0         0      
    +--+------------------------------+-------+---------+---------+
       Total:                         8801    257       20     
                                                               
       Heap:                          0       0         4096   
       Stack:                         0       0         4096   
       Linker Generated:              0       77        0      
    +--+------------------------------+-------+---------+---------+
       Grand Total:                   20041   1033      9062   


LINKER GENERATED COPY TABLES

__TI_cinit_table @ 00005248 records: 3, size/record: 8, table size: 24
	.data: load addr=00005210, load size=00000019 bytes, run addr=20002330, run size=0000003d bytes, compression=lzss
	.bss: load addr=00005238, load size=00000008 bytes, run addr=20002270, run size=000000bd bytes, compression=zero_init
	.vtable: load addr=00005240, load size=00000008 bytes, run addr=20000000, run size=0000026c bytes, compression=zero_init


LINKER GENERATED HANDLER TABLE

__TI_handler_table @ 0000522c records: 3, size/record: 4, table size: 12
	index: 0, handler: __TI_zero_init
	index: 1, handler: __TI_decompress_lzss
	index: 2, handler: __TI_decompress_none


GLOBAL SYMBOLS: SORTED ALPHABETICALLY BY Name 

address   name                          
-------   ----                          
00004131  ADC0SS0_Handler               
000050bd  C$$EXIT                       
00005085  CPUcpsie                      
00000bc3  GPIOF_Handler                 
00005057  IntMasterEnable               
00004e29  IntRegister                   
00005091  ResetISR                      
00003581  TIMER3B_Handler               
20001270  __STACK_END                   
00001000  __STACK_SIZE                  
20000470  __STACK_TOP                   
00001000  __SYSMEM_SIZE                 
00005248  __TI_CINIT_Base               
00005260  __TI_CINIT_Limit              
0000522c  __TI_Handler_Table_Base       
00005238  __TI_Handler_Table_Limit      
00004cb5  __TI_auto_init_nobinit_nopinit
00004a59  __TI_decompress_lzss          
00005077  __TI_decompress_none          
00004b7b  __TI_ltoa                     
ffffffff  __TI_pprof_out_hndl           
000019fd  __TI_printfi                  
ffffffff  __TI_prof_data_size           
ffffffff  __TI_prof_data_start          
00000000  __TI_static_base__            
00004f39  __TI_zero_init_nomemset       
00004785  __aeabi_cdcmpeq               
00004785  __aeabi_cdcmple               
0000480b  __aeabi_cdrcmple              
000049eb  __aeabi_d2f                   
00004c6d  __aeabi_d2iz                  
00003857  __aeabi_dadd                  
00003e3d  __aeabi_ddiv                  
000043c1  __aeabi_dmul                  
0000384d  __aeabi_dsub                  
000050a9  __aeabi_errno_addr            
00004df1  __aeabi_f2d                   
00004ec1  __aeabi_i2d                   
00003a03  __aeabi_idiv0                 
00003a03  __aeabi_ldiv0                 
00004891  __aeabi_memclr                
00004891  __aeabi_memclr4               
00004891  __aeabi_memclr8               
00004653  __aeabi_memcpy                
00004653  __aeabi_memcpy4               
00004653  __aeabi_memcpy8               
00004893  __aeabi_memset                
00004893  __aeabi_memset4               
00004893  __aeabi_memset8               
00004f19  __aeabi_ui2d                  
000046ef  __aeabi_uldivmod              
ffffffff  __binit__                     
ffffffff  __c_args__                    
UNDEFED   __mpu_init                    
20000270  __stack                       
20000000  __start___llvm_prf_cnts       
20000000  __stop___llvm_prf_cnts        
00004e5d  _c_int00_noargs               
000050c0  _ctypes_                      
20002350  _lock                         
0000244b  _nop                          
2000236c  _running                      
20001270  _sys_memory                   
UNDEFED   _system_post_cinit            
000050b9  _system_pre_init              
20002310  _timeout_ticks                
20002354  _unlock                       
000050bd  abort                         
000042c1  aligned_alloc                 
00004c21  atoi                          
ffffffff  binit                         
00004db9  calloc                        
00004f8d  copysign                      
00004f8d  copysignl                     
000030c1  cyBOT_SERVO_cal               
0000304f  cyBOT_Scan                    
00002ff7  cyBOT_init_Scan               
20002360  cyBOT_scan_features           
00002fe9  cyBOT_scan_version            
00002d1d  cyBot_UART1_Handler           
00002d0f  cyBot_getByte_blocking        
00002cef  cyBot_getByte_nonblocking     
00002ad1  cyBot_sendByte                
00002cd5  cyBot_uart_flush              
00002c3f  cyBot_uart_init               
00002bdf  cyBot_uart_init_PHJ_first_half
00002b87  cyBot_uart_init_clean         
00002b0f  cyBot_uart_init_last_half     
00002af7  cyBot_uart_sendBuffer         
00002add  cyBot_uart_sendStr            
20002368  errno                         
20002314  fallingEdge                   
000044bd  free                          
00004ac1  frexp                         
00004ac1  frexpl                        
20000000  g_pfnRAMVectors               
00000000  g_pfnVectors                  
0000097f  go_charge                     
00004147  ir_enableInterrupt            
00004129  ir_getDistance                
00004101  ir_getValue                   
00004099  ir_init                       
2000232c  isRisingEdge                  
200022c4  isr_char_buffer               
20002364  isr_counter                   
20002318  isr_int_value                 
00005067  lcd_clear                     
0000297d  lcd_gotoLine                  
000027e5  lcd_init                      
000029e3  lcd_printf                    
000028a5  lcd_putc                      
000028dd  lcd_puts                      
000027a9  lcd_reverseNibble             
000028fb  lcd_sendCommand               
00002939  lcd_sendNibble                
000029a5  lcd_setCursorPos              
000041b1  ldexp                         
000041b1  ldexpl                        
2000231c  left_calibration_value        
00000e8d  main                          
000050b1  malloc                        
000042c1  memalign                      
00004f71  memccpy                       
00004653  memcpy                        
00004899  memset                        
20002330  motor_cal_factor_L            
20002334  motor_cal_factor_R            
0000244d  move_backward                 
00002585  move_forward                  
000026e3  move_forward2                 
0000026d  oi_alloc                      
00000aa9  oi_checkFirmware              
000002c7  oi_close                      
00000279  oi_free                       
00000ded  oi_getMotorCalibrationLeft    
00000e01  oi_getMotorCalibrationRight   
000002b1  oi_init                       
00000289  oi_init_noupdate              
00000915  oi_loadSong                   
00004fd7  oi_parseInt                   
0000032b  oi_parsePacket                
0000096b  oi_play_song                  
0000084b  oi_setLeds                    
00000db1  oi_setMotorCalibration        
0000088f  oi_setWheels                  
00000b51  oi_shutoff_init               
0000098d  oi_uartInit                   
00000a31  oi_uartReceive                
00000a77  oi_uartSendBuff               
00000a15  oi_uartSendChar               
00000a59  oi_uartSendStr                
000002d9  oi_update                     
000035d3  ping_getDistance              
00003491  ping_init                     
00003517  ping_trigger                  
20002320  pulseLength                   
20002324  right_calibration_value       
20002328  risingEdge                    
000041b1  scalbn                        
000041b1  scalbnl                       
00003ba9  servo_init                    
00003c39  servo_move                    
00003c99  servo_setPWM                  
00003c2d  servo_stop                    
00004cf9  sprintf                       
00005007  strchr                        
00004fef  strcmp                        
0000501d  strcpy                        
00005031  strlen                        
00003367  timer_getMicros               
0000330f  timer_getMillis               
00003249  timer_init                    
000032eb  timer_pause                   
000032fd  timer_resume                  
000032c1  timer_stop                    
000033c1  timer_waitMicros              
000033f3  timer_waitMillis              
0000251f  turn_left                     
000024b9  turn_right                    
00003a05  uart_init                     
00003adf  uart_receive                  
00003b0d  uart_receive_nonblocking      
00003abb  uart_sendChar                 
00003b33  uart_sendStr                  
00004d39  vsnprintf                     
00005045  wcslen                        


GLOBAL SYMBOLS: SORTED BY Symbol Address 

address   name                          
-------   ----                          
00000000  __TI_static_base__            
00000000  g_pfnVectors                  
0000026d  oi_alloc                      
00000279  oi_free                       
00000289  oi_init_noupdate              
000002b1  oi_init                       
000002c7  oi_close                      
000002d9  oi_update                     
0000032b  oi_parsePacket                
0000084b  oi_setLeds                    
0000088f  oi_setWheels                  
00000915  oi_loadSong                   
0000096b  oi_play_song                  
0000097f  go_charge                     
0000098d  oi_uartInit                   
00000a15  oi_uartSendChar               
00000a31  oi_uartReceive                
00000a59  oi_uartSendStr                
00000a77  oi_uartSendBuff               
00000aa9  oi_checkFirmware              
00000b51  oi_shutoff_init               
00000bc3  GPIOF_Handler                 
00000db1  oi_setMotorCalibration        
00000ded  oi_getMotorCalibrationLeft    
00000e01  oi_getMotorCalibrationRight   
00000e8d  main                          
00001000  __STACK_SIZE                  
00001000  __SYSMEM_SIZE                 
000019fd  __TI_printfi                  
0000244b  _nop                          
0000244d  move_backward                 
000024b9  turn_right                    
0000251f  turn_left                     
00002585  move_forward                  
000026e3  move_forward2                 
000027a9  lcd_reverseNibble             
000027e5  lcd_init                      
000028a5  lcd_putc                      
000028dd  lcd_puts                      
000028fb  lcd_sendCommand               
00002939  lcd_sendNibble                
0000297d  lcd_gotoLine                  
000029a5  lcd_setCursorPos              
000029e3  lcd_printf                    
00002ad1  cyBot_sendByte                
00002add  cyBot_uart_sendStr            
00002af7  cyBot_uart_sendBuffer         
00002b0f  cyBot_uart_init_last_half     
00002b87  cyBot_uart_init_clean         
00002bdf  cyBot_uart_init_PHJ_first_half
00002c3f  cyBot_uart_init               
00002cd5  cyBot_uart_flush              
00002cef  cyBot_getByte_nonblocking     
00002d0f  cyBot_getByte_blocking        
00002d1d  cyBot_UART1_Handler           
00002fe9  cyBOT_scan_version            
00002ff7  cyBOT_init_Scan               
0000304f  cyBOT_Scan                    
000030c1  cyBOT_SERVO_cal               
00003249  timer_init                    
000032c1  timer_stop                    
000032eb  timer_pause                   
000032fd  timer_resume                  
0000330f  timer_getMillis               
00003367  timer_getMicros               
000033c1  timer_waitMicros              
000033f3  timer_waitMillis              
00003491  ping_init                     
00003517  ping_trigger                  
00003581  TIMER3B_Handler               
000035d3  ping_getDistance              
0000384d  __aeabi_dsub                  
00003857  __aeabi_dadd                  
00003a03  __aeabi_idiv0                 
00003a03  __aeabi_ldiv0                 
00003a05  uart_init                     
00003abb  uart_sendChar                 
00003adf  uart_receive                  
00003b0d  uart_receive_nonblocking      
00003b33  uart_sendStr                  
00003ba9  servo_init                    
00003c2d  servo_stop                    
00003c39  servo_move                    
00003c99  servo_setPWM                  
00003e3d  __aeabi_ddiv                  
00004099  ir_init                       
00004101  ir_getValue                   
00004129  ir_getDistance                
00004131  ADC0SS0_Handler               
00004147  ir_enableInterrupt            
000041b1  ldexp                         
000041b1  ldexpl                        
000041b1  scalbn                        
000041b1  scalbnl                       
000042c1  aligned_alloc                 
000042c1  memalign                      
000043c1  __aeabi_dmul                  
000044bd  free                          
00004653  __aeabi_memcpy                
00004653  __aeabi_memcpy4               
00004653  __aeabi_memcpy8               
00004653  memcpy                        
000046ef  __aeabi_uldivmod              
00004785  __aeabi_cdcmpeq               
00004785  __aeabi_cdcmple               
0000480b  __aeabi_cdrcmple              
00004891  __aeabi_memclr                
00004891  __aeabi_memclr4               
00004891  __aeabi_memclr8               
00004893  __aeabi_memset                
00004893  __aeabi_memset4               
00004893  __aeabi_memset8               
00004899  memset                        
000049eb  __aeabi_d2f                   
00004a59  __TI_decompress_lzss          
00004ac1  frexp                         
00004ac1  frexpl                        
00004b7b  __TI_ltoa                     
00004c21  atoi                          
00004c6d  __aeabi_d2iz                  
00004cb5  __TI_auto_init_nobinit_nopinit
00004cf9  sprintf                       
00004d39  vsnprintf                     
00004db9  calloc                        
00004df1  __aeabi_f2d                   
00004e29  IntRegister                   
00004e5d  _c_int00_noargs               
00004ec1  __aeabi_i2d                   
00004f19  __aeabi_ui2d                  
00004f39  __TI_zero_init_nomemset       
00004f71  memccpy                       
00004f8d  copysign                      
00004f8d  copysignl                     
00004fd7  oi_parseInt                   
00004fef  strcmp                        
00005007  strchr                        
0000501d  strcpy                        
00005031  strlen                        
00005045  wcslen                        
00005057  IntMasterEnable               
00005067  lcd_clear                     
00005077  __TI_decompress_none          
00005085  CPUcpsie                      
00005091  ResetISR                      
000050a9  __aeabi_errno_addr            
000050b1  malloc                        
000050b9  _system_pre_init              
000050bd  C$$EXIT                       
000050bd  abort                         
000050c0  _ctypes_                      
0000522c  __TI_Handler_Table_Base       
00005238  __TI_Handler_Table_Limit      
00005248  __TI_CINIT_Base               
00005260  __TI_CINIT_Limit              
20000000  __start___llvm_prf_cnts       
20000000  __stop___llvm_prf_cnts        
20000000  g_pfnRAMVectors               
20000270  __stack                       
20000470  __STACK_TOP                   
20001270  __STACK_END                   
20001270  _sys_memory                   
200022c4  isr_char_buffer               
20002310  _timeout_ticks                
20002314  fallingEdge                   
20002318  isr_int_value                 
2000231c  left_calibration_value        
20002320  pulseLength                   
20002324  right_calibration_value       
20002328  risingEdge                    
2000232c  isRisingEdge                  
20002330  motor_cal_factor_L            
20002334  motor_cal_factor_R            
20002350  _lock                         
20002354  _unlock                       
20002360  cyBOT_scan_features           
20002364  isr_counter                   
20002368  errno                         
2000236c  _running                      
ffffffff  __TI_pprof_out_hndl           
ffffffff  __TI_prof_data_size           
ffffffff  __TI_prof_data_start          
ffffffff  __binit__                     
ffffffff  __c_args__                    
ffffffff  binit                         
UNDEFED   __mpu_init                    
UNDEFED   _system_post_cinit            

[186 symbols]
