******************************************************************************
                  TI ARM Linker PC v20.2.4                     
******************************************************************************
>> Linked Thu Mar 31 22:36:55 2022

OUTPUT FILE NAME:   <Lab8.out>
ENTRY POINT SYMBOL: "_c_int00_noargs"  address: 00004d59


MEMORY CONFIGURATION

         name            origin    length      used     unused   attr    fill
----------------------  --------  ---------  --------  --------  ----  --------
  FLASH                 00000000   00040000  00005157  0003aea9  R  X
  SRAM                  20000000   00008000  0000236a  00005c96  RW X


SEGMENT ALLOCATION MAP

run origin  load origin   length   init length attrs members
----------  ----------- ---------- ----------- ----- -------
00000000    00000000    00005160   00005160    r-x
  00000000    00000000    0000026c   0000026c    r-- .intvecs
  0000026c    0000026c    00004d50   00004d50    r-x .text
  00004fc0    00004fc0    0000014b   0000014b    r-- .const
  00005110    00005110    00000050   00000050    r-- .cinit
20000000    20000000    00002371   00000000    rw-
  20000000    20000000    0000026c   00000000    rw- .vtable
  20000270    20000270    00001000   00000000    rw- .stack
  20001270    20001270    00001000   00000000    rw- .sysmem
  20002270    20002270    000000bd   00000000    rw- .bss
  20002330    20002330    00000041   00000000    rw- .data


SECTION ALLOCATION MAP

 output                                  attributes/
section   page    origin      length       input sections
--------  ----  ----------  ----------   ----------------
.intvecs   0    00000000    0000026c     
                  00000000    0000026c     tm4c123gh6pm_startup_ccs.obj (.intvecs)

.text      0    0000026c    00004d50     
                  0000026c    00000c20     open_interface.obj (.text)
                  00000e8c    00000a4e     rtsv7M4_T_le_v4SPD16_eabi.lib : _printfi.c.obj (.text:__TI_printfi)
                  000018da    00000002                                   : _lock.c.obj (.text:_nop)
                  000018dc    000009c0                                   : e_pow.c.obj (.text:pow)
                  0000229c    00000328     lcd.obj (.text)
                  000025c4    000002a8     libcybotUART.lib : uart.obj (.text)
                  0000286c    00000270     rtsv7M4_T_le_v4SPD16_eabi.lib : _printfi.c.obj (.text:_pconv_a)
                  00002adc    00000260     libcybotScan.lib : cyBot_Scan.obj (.text)
                  00002d3c    00000248     Timer.obj (.text)
                  00002f84    000001ec     libcybotScan.lib : ping.obj (.text)
                  00003170    000001d0     rtsv7M4_T_le_v4SPD16_eabi.lib : _printfi.c.obj (.text:_pconv_g)
                  00003340    000001b6                                   : fd_add_t2.asm.obj (.text)
                  000034f6    00000002                                   : div0.asm.obj (.text)
                  000034f8    000001b0     main.obj (.text)
                  000036a8    000001a4     uart.obj (.text)
                  0000384c    00000158     libcybotScan.lib : servo.obj (.text)
                  000039a4    00000158     rtsv7M4_T_le_v4SPD16_eabi.lib : e_sqrt.c.obj (.text:sqrt)
                  00003afc    0000013c                                   : _printfi.c.obj (.text:_pconv_e)
                  00003c38    00000136                                   : fd_div_t2.asm.obj (.text)
                  00003d6e    00000002     --HOLE-- [fill = 0]
                  00003d70    00000124                                   : _printfi.c.obj (.text:fcvt)
                  00003e94    00000118     libcybotScan.lib : ir.obj (.text)
                  00003fac    00000110     rtsv7M4_T_le_v4SPD16_eabi.lib : s_scalbn.c.obj (.text:scalbn)
                  000040bc    00000100     adc.obj (.text)
                  000041bc    00000100     rtsv7M4_T_le_v4SPD16_eabi.lib : memory.c.obj (.text:aligned_alloc)
                  000042bc    000000fc                                   : fd_mul_t2.asm.obj (.text)
                  000043b8    000000e4                                   : memory.c.obj (.text:free)
                  0000449c    000000b1                                   : _printfi.c.obj (.text:_ltostr)
                  0000454d    00000001     --HOLE-- [fill = 0]
                  0000454e    0000009c                                   : memcpy_t2.asm.obj (.text)
                  000045ea    00000096                                   : ull_div_t2.asm.obj (.text)
                  00004680    00000086                                   : fd_cmp_t2.asm.obj (.text:__aeabi_cdcmple)
                  00004706    00000086                                   : fd_cmp_t2.asm.obj (.text:__aeabi_cdrcmple)
                  0000478c    0000007a                                   : memset_t2.asm.obj (.text)
                  00004806    00000002     --HOLE-- [fill = 0]
                  00004808    00000070                                   : memory.c.obj (.text:split)
                  00004878    0000006e                                   : _printfi.c.obj (.text:_mcpy)
                  000048e6    0000006e                                   : fd_tos_t2.asm.obj (.text)
                  00004954    00000068                                   : copy_decompress_lzss.c.obj (.text:decompress:lzss:__TI_decompress_lzss)
                  000049bc    00000064                                   : s_frexp.c.obj (.text:frexp)
                  00004a20    00000056                                   : _printfi.c.obj (.text:_pconv_f)
                  00004a76    00000054                                   : _ltoa.c.obj (.text:__TI_ltoa)
                  00004aca    00000052                                   : _printfi.c.obj (.text:_ecpy)
                  00004b1c    0000004c                                   : atoi.c.obj (.text:atoi)
                  00004b68    00000048                                   : fd_toi_t2.asm.obj (.text)
                  00004bb0    00000044                                   : autoinit.c.obj (.text:__TI_auto_init_nobinit_nopinit:__TI_auto_init_nobinit_nopinit)
                  00004bf4    00000040                                   : sprintf.c.obj (.text:sprintf)
                  00004c34    00000040                                   : vsnprintf.c.obj (.text:vsnprintf)
                  00004c74    0000003e                                   : _printfi.c.obj (.text:_fcpy)
                  00004cb2    00000002     --HOLE-- [fill = 0]
                  00004cb4    00000038                                   : memory.c.obj (.text:calloc)
                  00004cec    00000038                                   : fs_tod_t2.asm.obj (.text)
                  00004d24    00000034     driverlib.lib : interrupt.obj (.text:IntRegister)
                  00004d58    00000034     rtsv7M4_T_le_v4SPD16_eabi.lib : boot_cortex_m.c.obj (.text:_c_int00_noargs:_c_int00_noargs)
                  00004d8c    00000030                                   : vsnprintf.c.obj (.text:_outs)
                  00004dbc    0000002e                                   : i_tofd_t2.asm.obj (.text)
                  00004dea    00000002     --HOLE-- [fill = 0]
                  00004dec    00000028                                   : memory.c.obj (.text:free_list_insert)
                  00004e14    00000020                                   : u_tofd_t2.asm.obj (.text)
                  00004e34    0000001c                                   : copy_zero_init.c.obj (.text:decompress:ZI:__TI_zero_init_nomemset:__TI_zero_init_nomemset)
                  00004e50    0000001c                                   : memory.c.obj (.text:free_list_remove)
                  00004e6c    0000001c                                   : memccpy.c.obj (.text:memccpy)
                  00004e88    0000001a                                   : s_copysign.c.obj (.text:copysign)
                  00004ea2    00000018                                   : vsnprintf.c.obj (.text:_outc)
                  00004eba    00000018                                   : sprintf.c.obj (.text:_outs)
                  00004ed2    00000018     open_interface.obj (.text:oi_parseInt)
                  00004eea    00000018     rtsv7M4_T_le_v4SPD16_eabi.lib : strcmp.c.obj (.text:strcmp)
                  00004f02    00000016                                   : strchr.c.obj (.text:strchr)
                  00004f18    00000014                                   : strcpy.c.obj (.text:strcpy)
                  00004f2c    00000014                                   : strlen.c.obj (.text:strlen)
                  00004f40    00000012                                   : wcslen.c.obj (.text:wcslen)
                  00004f52    00000010     driverlib.lib : interrupt.obj (.text:IntMasterEnable)
                  00004f62    00000010     lcd.obj (.text:lcd_clear)
                  00004f72    0000000e     rtsv7M4_T_le_v4SPD16_eabi.lib : copy_decompress_none.c.obj (.text:decompress:none:__TI_decompress_none)
                  00004f80    0000000c     driverlib.lib : cpu.obj (.text:CPUcpsie)
                  00004f8c    0000000c     tm4c123gh6pm_startup_ccs.obj (.text)
                  00004f98    0000000a     rtsv7M4_T_le_v4SPD16_eabi.lib : sprintf.c.obj (.text:_outc)
                  00004fa2    00000002     --HOLE-- [fill = 0]
                  00004fa4    00000008                                   : errno.c.obj (.text:__aeabi_errno_addr)
                  00004fac    00000008                                   : memory.c.obj (.text:malloc)
                  00004fb4    00000004                                   : pre_init.c.obj (.text:_system_pre_init)
                  00004fb8    00000004                                   : exit.c.obj (.text:abort:abort)

.const     0    00004fc0    0000014b     
                  00004fc0    00000101     rtsv7M4_T_le_v4SPD16_eabi.lib : ctype.c.obj (.const:.string:_ctypes_)
                  000050c1    00000004     lcd.obj (.const:.string:lineAddress$1)
                  000050c5    00000003     --HOLE-- [fill = 0]
                  000050c8    00000030     rtsv7M4_T_le_v4SPD16_eabi.lib : e_pow.c.obj (.const:$O1$$)
                  000050f8    0000000f     open_interface.obj (.const:.string:$P$T0$3)
                  00005107    00000004     lcd.obj (.const:.string:lineAddresses$2)

.cinit     0    00005110    00000050     
                  00005110    00000019     (.cinit..data.load) [load image, compression = lzss]
                  00005129    00000003     --HOLE-- [fill = 0]
                  0000512c    0000000c     (__TI_handler_table)
                  00005138    00000008     (.cinit..bss.load) [load image, compression = zero_init]
                  00005140    00000008     (.cinit..vtable.load) [load image, compression = zero_init]
                  00005148    00000018     (__TI_cinit_table)

.init_array 
*          0    00000000    00000000     UNINITIALIZED

.vtable    0    20000000    0000026c     UNINITIALIZED
                  20000000    0000026c     driverlib.lib : interrupt.obj (.vtable)

.stack     0    20000270    00001000     UNINITIALIZED
                  20000270    00000004     rtsv7M4_T_le_v4SPD16_eabi.lib : boot_cortex_m.c.obj (.stack)
                  20000274    00000ffc     --HOLE--

.sysmem    0    20001270    00001000     UNINITIALIZED
                  20001270    00000010     rtsv7M4_T_le_v4SPD16_eabi.lib : memory.c.obj (.sysmem)
                  20001280    00000ff0     --HOLE--

.bss       0    20002270    000000bd     UNINITIALIZED
                  20002270    00000054     lcd.obj (.bss:lastbuffer$3)
                  200022c4    00000034     (.common:isr_char_buffer)
                  200022f8    00000018     open_interface.obj (.bss:firmware$2)
                  20002310    00000004     (.common:_timeout_ticks)
                  20002314    00000004     (.common:fallingEdge)
                  20002318    00000004     (.common:isr_int_value)
                  2000231c    00000004     (.common:left_calibration_value)
                  20002320    00000004     (.common:pulseLength)
                  20002324    00000004     (.common:right_calibration_value)
                  20002328    00000004     (.common:risingEdge)
                  2000232c    00000001     (.common:isRisingEdge)

.data      0    20002330    00000041     UNINITIALIZED
                  20002330    00000020     open_interface.obj (.data)
                  20002350    00000008     rtsv7M4_T_le_v4SPD16_eabi.lib : _lock.c.obj (.data:$O1$$)
                  20002358    00000008                                   : memory.c.obj (.data:$O1$$)
                  20002360    00000004     libcybotScan.lib : cyBot_Scan.obj (.data)
                  20002364    00000004     libcybotUART.lib : uart.obj (.data)
                  20002368    00000004     main.obj (.data)
                  2000236c    00000004     rtsv7M4_T_le_v4SPD16_eabi.lib : errno.c.obj (.data)
                  20002370    00000001     Timer.obj (.data)

__llvm_prf_cnts 
*          0    20000000    00000000     UNINITIALIZED

MODULE SUMMARY

       Module                         code    ro data   rw data
       ------                         ----    -------   -------
    .\
       tm4c123gh6pm_startup_ccs.obj   12      620       0      
    +--+------------------------------+-------+---------+---------+
       Total:                         12      620       0      
                                                               
    .\Lab8 Code Files\
       open_interface.obj             3128    15        56     
       lcd.obj                        824     8         84     
       Timer.obj                      584     0         5      
       main.obj                       432     0         12     
       uart.obj                       420     0         0      
       adc.obj                        256     0         0      
    +--+------------------------------+-------+---------+---------+
       Total:                         5644    23        157    
                                                               
    ../Lab8 Code Files/libcybotScan.lib
       cyBot_Scan.obj                 608     0         4      
       ping.obj                       492     0         13     
       servo.obj                      344     0         0      
       ir.obj                         280     0         4      
    +--+------------------------------+-------+---------+---------+
       Total:                         1724    0         21     
                                                               
    ../Lab8 Code Files/libcybotUART.lib
       uart.obj                       680     0         56     
    +--+------------------------------+-------+---------+---------+
       Total:                         680     0         56     
                                                               
    C:/ti/TivaWare_C_Series-2.1.4.178/driverlib/ccs/Debug/driverlib.lib
       interrupt.obj                  68      0         620    
       cpu.obj                        12      0         0      
    +--+------------------------------+-------+---------+---------+
       Total:                         80      0         620    
                                                               
    C:\ti\ccs1031\ccs\tools\compiler\ti-cgt-arm_20.2.4.LTS\lib\rtsv7M4_T_le_v4SPD16_eabi.lib
       _printfi.c.obj                 4851    0         0      
       e_pow.c.obj                    2496    48        0      
       memory.c.obj                   728     0         8      
       fd_add_t2.asm.obj              438     0         0      
       e_sqrt.c.obj                   344     0         0      
       fd_div_t2.asm.obj              310     0         0      
       s_scalbn.c.obj                 272     0         0      
       fd_cmp_t2.asm.obj              268     0         0      
       ctype.c.obj                    0       257       0      
       fd_mul_t2.asm.obj              252     0         0      
       memcpy_t2.asm.obj              156     0         0      
       ull_div_t2.asm.obj             150     0         0      
       vsnprintf.c.obj                136     0         0      
       memset_t2.asm.obj              122     0         0      
       fd_tos_t2.asm.obj              110     0         0      
       copy_decompress_lzss.c.obj     104     0         0      
       s_frexp.c.obj                  100     0         0      
       sprintf.c.obj                  98      0         0      
       _ltoa.c.obj                    84      0         0      
       atoi.c.obj                     76      0         0      
       fd_toi_t2.asm.obj              72      0         0      
       autoinit.c.obj                 68      0         0      
       fs_tod_t2.asm.obj              56      0         0      
       boot_cortex_m.c.obj            52      0         0      
       i_tofd_t2.asm.obj              46      0         0      
       u_tofd_t2.asm.obj              32      0         0      
       copy_zero_init.c.obj           28      0         0      
       memccpy.c.obj                  28      0         0      
       s_copysign.c.obj               26      0         0      
       strcmp.c.obj                   24      0         0      
       strchr.c.obj                   22      0         0      
       strcpy.c.obj                   20      0         0      
       strlen.c.obj                   20      0         0      
       wcslen.c.obj                   18      0         0      
       copy_decompress_none.c.obj     14      0         0      
       errno.c.obj                    8       0         4      
       _lock.c.obj                    2       0         8      
       exit.c.obj                     4       0         0      
       pre_init.c.obj                 4       0         0      
       div0.asm.obj                   2       0         0      
    +--+------------------------------+-------+---------+---------+
       Total:                         11641   305       20     
                                                               
       Heap:                          0       0         4096   
       Stack:                         0       0         4096   
       Linker Generated:              0       77        0      
    +--+------------------------------+-------+---------+---------+
       Grand Total:                   19781   1025      9066   


LINKER GENERATED COPY TABLES

__TI_cinit_table @ 00005148 records: 3, size/record: 8, table size: 24
	.data: load addr=00005110, load size=00000019 bytes, run addr=20002330, run size=00000041 bytes, compression=lzss
	.bss: load addr=00005138, load size=00000008 bytes, run addr=20002270, run size=000000bd bytes, compression=zero_init
	.vtable: load addr=00005140, load size=00000008 bytes, run addr=20000000, run size=0000026c bytes, compression=zero_init


LINKER GENERATED HANDLER TABLE

__TI_handler_table @ 0000512c records: 3, size/record: 4, table size: 12
	index: 0, handler: __TI_zero_init
	index: 1, handler: __TI_decompress_lzss
	index: 2, handler: __TI_decompress_none


GLOBAL SYMBOLS: SORTED ALPHABETICALLY BY Name 

address   name                          
-------   ----                          
00003f2d  ADC0SS0_Handler               
00004fb9  C$$EXIT                       
00004f81  CPUcpsie                      
00000bc3  GPIOF_Handler                 
00004f53  IntMasterEnable               
00004d25  IntRegister                   
00004f8d  ResetISR                      
00003075  TIMER3B_Handler               
20001270  __STACK_END                   
00001000  __STACK_SIZE                  
20000470  __STACK_TOP                   
00001000  __SYSMEM_SIZE                 
00005148  __TI_CINIT_Base               
00005160  __TI_CINIT_Limit              
0000512c  __TI_Handler_Table_Base       
00005138  __TI_Handler_Table_Limit      
00004bb1  __TI_auto_init_nobinit_nopinit
00004955  __TI_decompress_lzss          
00004f73  __TI_decompress_none          
00004a77  __TI_ltoa                     
ffffffff  __TI_pprof_out_hndl           
00000e8d  __TI_printfi                  
ffffffff  __TI_prof_data_size           
ffffffff  __TI_prof_data_start          
00000000  __TI_static_base__            
00004e35  __TI_zero_init_nomemset       
00004681  __aeabi_cdcmpeq               
00004681  __aeabi_cdcmple               
00004707  __aeabi_cdrcmple              
000048e7  __aeabi_d2f                   
00004b69  __aeabi_d2iz                  
0000334b  __aeabi_dadd                  
00003c39  __aeabi_ddiv                  
000042bd  __aeabi_dmul                  
00003341  __aeabi_dsub                  
00004fa5  __aeabi_errno_addr            
00004ced  __aeabi_f2d                   
00004dbd  __aeabi_i2d                   
000034f7  __aeabi_idiv0                 
000034f7  __aeabi_ldiv0                 
0000478d  __aeabi_memclr                
0000478d  __aeabi_memclr4               
0000478d  __aeabi_memclr8               
0000454f  __aeabi_memcpy                
0000454f  __aeabi_memcpy4               
0000454f  __aeabi_memcpy8               
0000478f  __aeabi_memset                
0000478f  __aeabi_memset4               
0000478f  __aeabi_memset8               
00004e15  __aeabi_ui2d                  
000045eb  __aeabi_uldivmod              
ffffffff  __binit__                     
ffffffff  __c_args__                    
UNDEFED   __mpu_init                    
20000270  __stack                       
20000000  __start___llvm_prf_cnts       
20000000  __stop___llvm_prf_cnts        
00004d59  _c_int00_noargs               
00004fc0  _ctypes_                      
20002350  _lock                         
000018db  _nop                          
20002370  _running                      
20001270  _sys_memory                   
UNDEFED   _system_post_cinit            
00004fb5  _system_pre_init              
20002310  _timeout_ticks                
20002354  _unlock                       
00004fb9  abort                         
000040bd  adc_init                      
0000414d  adc_read                      
000041bd  aligned_alloc                 
00004b1d  atoi                          
ffffffff  binit                         
00004cb5  calloc                        
00004e89  copysign                      
00004e89  copysignl                     
00002bb5  cyBOT_SERVO_cal               
00002b43  cyBOT_Scan                    
00002aeb  cyBOT_init_Scan               
20002360  cyBOT_scan_features           
00002add  cyBOT_scan_version            
00002811  cyBot_UART1_Handler           
00002803  cyBot_getByte_blocking        
000027e3  cyBot_getByte_nonblocking     
000025c5  cyBot_sendByte                
000027c9  cyBot_uart_flush              
00002733  cyBot_uart_init               
000026d3  cyBot_uart_init_PHJ_first_half
0000267b  cyBot_uart_init_clean         
00002603  cyBot_uart_init_last_half     
000025eb  cyBot_uart_sendBuffer         
000025d1  cyBot_uart_sendStr            
2000236c  errno                         
20002314  fallingEdge                   
000043b9  free                          
000049bd  frexp                         
000049bd  frexpl                        
20000000  g_pfnRAMVectors               
00000000  g_pfnVectors                  
0000097f  go_charge                     
00003f43  ir_enableInterrupt            
00003f25  ir_getDistance                
00003efd  ir_getValue                   
00003e95  ir_init                       
2000232c  isRisingEdge                  
200022c4  isr_char_buffer               
20002364  isr_counter                   
20002318  isr_int_value                 
20002368  j                             
00004f63  lcd_clear                     
00002471  lcd_gotoLine                  
000022d9  lcd_init                      
000024d7  lcd_printf                    
00002399  lcd_putc                      
000023d1  lcd_puts                      
0000229d  lcd_reverseNibble             
000023ef  lcd_sendCommand               
0000242d  lcd_sendNibble                
00002499  lcd_setCursorPos              
00003fad  ldexp                         
00003fad  ldexpl                        
2000231c  left_calibration_value        
000034f9  main                          
00004fad  malloc                        
000041bd  memalign                      
00004e6d  memccpy                       
0000454f  memcpy                        
00004795  memset                        
20002330  motor_cal_factor_L            
20002334  motor_cal_factor_R            
0000026d  oi_alloc                      
00000aa9  oi_checkFirmware              
000002c7  oi_close                      
00000279  oi_free                       
00000ded  oi_getMotorCalibrationLeft    
00000e01  oi_getMotorCalibrationRight   
000002b1  oi_init                       
00000289  oi_init_noupdate              
00000915  oi_loadSong                   
00004ed3  oi_parseInt                   
0000032b  oi_parsePacket                
0000096b  oi_play_song                  
0000084b  oi_setLeds                    
00000db1  oi_setMotorCalibration        
0000088f  oi_setWheels                  
00000b51  oi_shutoff_init               
0000098d  oi_uartInit                   
00000a31  oi_uartReceive                
00000a77  oi_uartSendBuff               
00000a15  oi_uartSendChar               
00000a59  oi_uartSendStr                
000002d9  oi_update                     
000030c7  ping_getDistance              
00002f85  ping_init                     
0000300b  ping_trigger                  
000018dd  pow                           
000018dd  powl                          
20002320  pulseLength                   
20002324  right_calibration_value       
20002328  risingEdge                    
00003fad  scalbn                        
00003fad  scalbnl                       
0000384d  servo_init                    
000038dd  servo_move                    
0000393d  servo_setPWM                  
000038d1  servo_stop                    
00004bf5  sprintf                       
000039a5  sqrt                          
000039a5  sqrtl                         
00004f03  strchr                        
00004eeb  strcmp                        
00004f19  strcpy                        
00004f2d  strlen                        
00002e5b  timer_getMicros               
00002e03  timer_getMillis               
00002d3d  timer_init                    
00002ddf  timer_pause                   
00002df1  timer_resume                  
00002db5  timer_stop                    
00002eb5  timer_waitMicros              
00002ee7  timer_waitMillis              
000036a9  uart_init                     
00003783  uart_receive                  
000037b1  uart_receive_nonblocking      
0000375f  uart_sendChar                 
000037d7  uart_sendStr                  
00004c35  vsnprintf                     
00004f41  wcslen                        


GLOBAL SYMBOLS: SORTED BY Symbol Address 

address   name                          
-------   ----                          
00000000  __TI_static_base__            
00000000  g_pfnVectors                  
0000026d  oi_alloc                      
00000279  oi_free                       
00000289  oi_init_noupdate              
000002b1  oi_init                       
000002c7  oi_close                      
000002d9  oi_update                     
0000032b  oi_parsePacket                
0000084b  oi_setLeds                    
0000088f  oi_setWheels                  
00000915  oi_loadSong                   
0000096b  oi_play_song                  
0000097f  go_charge                     
0000098d  oi_uartInit                   
00000a15  oi_uartSendChar               
00000a31  oi_uartReceive                
00000a59  oi_uartSendStr                
00000a77  oi_uartSendBuff               
00000aa9  oi_checkFirmware              
00000b51  oi_shutoff_init               
00000bc3  GPIOF_Handler                 
00000db1  oi_setMotorCalibration        
00000ded  oi_getMotorCalibrationLeft    
00000e01  oi_getMotorCalibrationRight   
00000e8d  __TI_printfi                  
00001000  __STACK_SIZE                  
00001000  __SYSMEM_SIZE                 
000018db  _nop                          
000018dd  pow                           
000018dd  powl                          
0000229d  lcd_reverseNibble             
000022d9  lcd_init                      
00002399  lcd_putc                      
000023d1  lcd_puts                      
000023ef  lcd_sendCommand               
0000242d  lcd_sendNibble                
00002471  lcd_gotoLine                  
00002499  lcd_setCursorPos              
000024d7  lcd_printf                    
000025c5  cyBot_sendByte                
000025d1  cyBot_uart_sendStr            
000025eb  cyBot_uart_sendBuffer         
00002603  cyBot_uart_init_last_half     
0000267b  cyBot_uart_init_clean         
000026d3  cyBot_uart_init_PHJ_first_half
00002733  cyBot_uart_init               
000027c9  cyBot_uart_flush              
000027e3  cyBot_getByte_nonblocking     
00002803  cyBot_getByte_blocking        
00002811  cyBot_UART1_Handler           
00002add  cyBOT_scan_version            
00002aeb  cyBOT_init_Scan               
00002b43  cyBOT_Scan                    
00002bb5  cyBOT_SERVO_cal               
00002d3d  timer_init                    
00002db5  timer_stop                    
00002ddf  timer_pause                   
00002df1  timer_resume                  
00002e03  timer_getMillis               
00002e5b  timer_getMicros               
00002eb5  timer_waitMicros              
00002ee7  timer_waitMillis              
00002f85  ping_init                     
0000300b  ping_trigger                  
00003075  TIMER3B_Handler               
000030c7  ping_getDistance              
00003341  __aeabi_dsub                  
0000334b  __aeabi_dadd                  
000034f7  __aeabi_idiv0                 
000034f7  __aeabi_ldiv0                 
000034f9  main                          
000036a9  uart_init                     
0000375f  uart_sendChar                 
00003783  uart_receive                  
000037b1  uart_receive_nonblocking      
000037d7  uart_sendStr                  
0000384d  servo_init                    
000038d1  servo_stop                    
000038dd  servo_move                    
0000393d  servo_setPWM                  
000039a5  sqrt                          
000039a5  sqrtl                         
00003c39  __aeabi_ddiv                  
00003e95  ir_init                       
00003efd  ir_getValue                   
00003f25  ir_getDistance                
00003f2d  ADC0SS0_Handler               
00003f43  ir_enableInterrupt            
00003fad  ldexp                         
00003fad  ldexpl                        
00003fad  scalbn                        
00003fad  scalbnl                       
000040bd  adc_init                      
0000414d  adc_read                      
000041bd  aligned_alloc                 
000041bd  memalign                      
000042bd  __aeabi_dmul                  
000043b9  free                          
0000454f  __aeabi_memcpy                
0000454f  __aeabi_memcpy4               
0000454f  __aeabi_memcpy8               
0000454f  memcpy                        
000045eb  __aeabi_uldivmod              
00004681  __aeabi_cdcmpeq               
00004681  __aeabi_cdcmple               
00004707  __aeabi_cdrcmple              
0000478d  __aeabi_memclr                
0000478d  __aeabi_memclr4               
0000478d  __aeabi_memclr8               
0000478f  __aeabi_memset                
0000478f  __aeabi_memset4               
0000478f  __aeabi_memset8               
00004795  memset                        
000048e7  __aeabi_d2f                   
00004955  __TI_decompress_lzss          
000049bd  frexp                         
000049bd  frexpl                        
00004a77  __TI_ltoa                     
00004b1d  atoi                          
00004b69  __aeabi_d2iz                  
00004bb1  __TI_auto_init_nobinit_nopinit
00004bf5  sprintf                       
00004c35  vsnprintf                     
00004cb5  calloc                        
00004ced  __aeabi_f2d                   
00004d25  IntRegister                   
00004d59  _c_int00_noargs               
00004dbd  __aeabi_i2d                   
00004e15  __aeabi_ui2d                  
00004e35  __TI_zero_init_nomemset       
00004e6d  memccpy                       
00004e89  copysign                      
00004e89  copysignl                     
00004ed3  oi_parseInt                   
00004eeb  strcmp                        
00004f03  strchr                        
00004f19  strcpy                        
00004f2d  strlen                        
00004f41  wcslen                        
00004f53  IntMasterEnable               
00004f63  lcd_clear                     
00004f73  __TI_decompress_none          
00004f81  CPUcpsie                      
00004f8d  ResetISR                      
00004fa5  __aeabi_errno_addr            
00004fad  malloc                        
00004fb5  _system_pre_init              
00004fb9  C$$EXIT                       
00004fb9  abort                         
00004fc0  _ctypes_                      
0000512c  __TI_Handler_Table_Base       
00005138  __TI_Handler_Table_Limit      
00005148  __TI_CINIT_Base               
00005160  __TI_CINIT_Limit              
20000000  __start___llvm_prf_cnts       
20000000  __stop___llvm_prf_cnts        
20000000  g_pfnRAMVectors               
20000270  __stack                       
20000470  __STACK_TOP                   
20001270  __STACK_END                   
20001270  _sys_memory                   
200022c4  isr_char_buffer               
20002310  _timeout_ticks                
20002314  fallingEdge                   
20002318  isr_int_value                 
2000231c  left_calibration_value        
20002320  pulseLength                   
20002324  right_calibration_value       
20002328  risingEdge                    
2000232c  isRisingEdge                  
20002330  motor_cal_factor_L            
20002334  motor_cal_factor_R            
20002350  _lock                         
20002354  _unlock                       
20002360  cyBOT_scan_features           
20002364  isr_counter                   
20002368  j                             
2000236c  errno                         
20002370  _running                      
ffffffff  __TI_pprof_out_hndl           
ffffffff  __TI_prof_data_size           
ffffffff  __TI_prof_data_start          
ffffffff  __binit__                     
ffffffff  __c_args__                    
ffffffff  binit                         
UNDEFED   __mpu_init                    
UNDEFED   _system_post_cinit            

[188 symbols]
